// Jest Snapshot v1, https://goo.gl/fbAQLP

exports[`Datalist component Datalist shapshot 1`] = `
Object {
  "asFragment": [Function],
  "baseElement": <body>
    <div>
      <select
        class="select"
        id="type"
      >
        <option
          value="ground"
        >
          ground
        </option>
        <option
          value="poison"
        >
          poison
        </option>
        <option
          value="normal"
        >
          normal
        </option>
        <option
          value="flying"
        >
          flying
        </option>
        <option
          value="rock"
        >
          rock
        </option>
        <option
          value="bug"
        >
          bug
        </option>
        <option
          value="fighting"
        >
          fighting
        </option>
        <option
          value="ghost"
        >
          ghost
        </option>
        <option
          value="steel"
        >
          steel
        </option>
        <option
          value="fire"
        >
          fire
        </option>
        <option
          value="water"
        >
          water
        </option>
        <option
          value="grass"
        >
          grass
        </option>
        <option
          value="electric"
        >
          electric
        </option>
        <option
          value="pyschic"
        >
          pyschic
        </option>
        <option
          value="ice"
        >
          ice
        </option>
        <option
          value="dragon"
        >
          dragon
        </option>
        <option
          value="dark"
        >
          dark
        </option>
        <option
          value="fairy"
        >
          fairy
        </option>
      </select>
    </div>
  </body>,
  "container": <div>
    <select
      class="select"
      id="type"
    >
      <option
        value="ground"
      >
        ground
      </option>
      <option
        value="poison"
      >
        poison
      </option>
      <option
        value="normal"
      >
        normal
      </option>
      <option
        value="flying"
      >
        flying
      </option>
      <option
        value="rock"
      >
        rock
      </option>
      <option
        value="bug"
      >
        bug
      </option>
      <option
        value="fighting"
      >
        fighting
      </option>
      <option
        value="ghost"
      >
        ghost
      </option>
      <option
        value="steel"
      >
        steel
      </option>
      <option
        value="fire"
      >
        fire
      </option>
      <option
        value="water"
      >
        water
      </option>
      <option
        value="grass"
      >
        grass
      </option>
      <option
        value="electric"
      >
        electric
      </option>
      <option
        value="pyschic"
      >
        pyschic
      </option>
      <option
        value="ice"
      >
        ice
      </option>
      <option
        value="dragon"
      >
        dragon
      </option>
      <option
        value="dark"
      >
        dark
      </option>
      <option
        value="fairy"
      >
        fairy
      </option>
    </select>
  </div>,
  "debug": [Function],
  "findAllByAltText": [Function],
  "findAllByDisplayValue": [Function],
  "findAllByLabelText": [Function],
  "findAllByPlaceholderText": [Function],
  "findAllByRole": [Function],
  "findAllByTestId": [Function],
  "findAllByText": [Function],
  "findAllByTitle": [Function],
  "findByAltText": [Function],
  "findByDisplayValue": [Function],
  "findByLabelText": [Function],
  "findByPlaceholderText": [Function],
  "findByRole": [Function],
  "findByTestId": [Function],
  "findByText": [Function],
  "findByTitle": [Function],
  "getAllByAltText": [Function],
  "getAllByDisplayValue": [Function],
  "getAllByLabelText": [Function],
  "getAllByPlaceholderText": [Function],
  "getAllByRole": [Function],
  "getAllByTestId": [Function],
  "getAllByText": [Function],
  "getAllByTitle": [Function],
  "getByAltText": [Function],
  "getByDisplayValue": [Function],
  "getByLabelText": [Function],
  "getByPlaceholderText": [Function],
  "getByRole": [Function],
  "getByTestId": [Function],
  "getByText": [Function],
  "getByTitle": [Function],
  "queryAllByAltText": [Function],
  "queryAllByDisplayValue": [Function],
  "queryAllByLabelText": [Function],
  "queryAllByPlaceholderText": [Function],
  "queryAllByRole": [Function],
  "queryAllByTestId": [Function],
  "queryAllByText": [Function],
  "queryAllByTitle": [Function],
  "queryByAltText": [Function],
  "queryByDisplayValue": [Function],
  "queryByLabelText": [Function],
  "queryByPlaceholderText": [Function],
  "queryByRole": [Function],
  "queryByTestId": [Function],
  "queryByText": [Function],
  "queryByTitle": [Function],
  "rerender": [Function],
  "unmount": [Function],
}
`;
